// Jest Snapshot v1, https://goo.gl/fbAQLP

exports[`Second test using snapshots 1`] = `"foo"`;

exports[`Second test using snapshots 2`] = `"bar"`;

exports[`Second test using snapshots 3`] = `"baz"`;
