// Jest Snapshot v1, https://goo.gl/fbAQLP

exports[`Second test case using snapshots 1`] = `"third snapshot"`;

exports[`Test using snapshots 1`] = `"passing snapshot"`;

exports[`Test using snapshots 2`] = `"second passing snapshot"`;
